
> nuxtron-frontend@1.0.0 prebuild
> node -e "require('@builder.io/partytown/utils').copyLibFiles('public/~partytown').catch(()=>{})"


> nuxtron-frontend@1.0.0 build
> next build --webpack

▲ Next.js 16.2.6 (webpack)

  Creating an optimized production build ...
✓ Compiled successfully in 11.2s
  Running TypeScript ...
  Finished TypeScript in 18.1s ...
  Collecting page data using 7 workers ...
  Generating static pages using 7 workers (0/28) ...
  Generating static pages using 7 workers (7/28) 
  Generating static pages using 7 workers (14/28) 
  Generating static pages using 7 workers (21/28) 
✓ Generating static pages using 7 workers (28/28) in 572ms
  Finalizing page optimization ...
  Collecting build traces ...

Route (app)
┌ ○ /
├ ○ /_not-found
├ ○ /about
├ ƒ /account
├ ƒ /account/orders
├ ƒ /account/profile
├ ƒ /account/settings
├ ƒ /account/wallet
├ ƒ /ads-generation
├ ƒ /affiliate
├ ƒ /affiliate/dashboard
├ ƒ /ai-analytics
├ ƒ /ai-search-impact-calculator
├ ƒ /ai-security
├ ƒ /ai-visibility-dashboard
├ ƒ /airanklab/wiring
├ ƒ /api-governance
├ ƒ /api/fastapi/[...path]
├ ƒ /api/health
├ ƒ /benchmarks
├ ƒ /billing
├ ƒ /billing/success
├ ƒ /buffer-analyze
├ ƒ /buffer-collaborate
├ ƒ /buffer-community
├ ƒ /buffer-create
├ ƒ /buffer-publish
├ ƒ /buffer-startpage
├ ƒ /competitive-benchmarking
├ ○ /contact
├ ƒ /content-generation
├ ƒ /cost-saving-calculator
├ ƒ /crm
├ ƒ /crm/abm
├ ƒ /dashboard
├ ƒ /disputes
├ ○ /features
├ ○ /features/ai-visibility-tracking
├ ○ /features/brand-visibility
├ ○ /features/citation-analytics
├ ○ /features/content-optimization
├ ○ /features/core-web-vitals-automator
├ ○ /features/keyword-planner
├ ƒ /finance-ops
├ ƒ /hubspot-e2e
├ ƒ /ira
├ ƒ /ira-monitor
├ ○ /login
├ ƒ /media-processing
├ ○ /opengraph-image
├ ƒ /outcome-graph
├ ƒ /platform
├ ƒ /platform-ops
├ ƒ /platform/ai-agent
├ ƒ /platform/backend
├ ƒ /platform/owly-writer-ai
├ ƒ /playbooks
├ ○ /pricing
├ ○ /privacy
├ ○ /products
├ ○ /register
├ ○ /reset-password
├ ƒ /reviews
├ ○ /robots.txt
├ ƒ /seo
├ ƒ /seo-aeo-geo-audit-tool
├ ƒ /seo-analysis
├ ƒ /seo/accessibility
├ ƒ /seo/ads-calendar
├ ƒ /seo/ads-campaigns
├ ƒ /seo/ads-connectors
├ ƒ /seo/ads-kpis
├ ƒ /seo/ads-metrics
├ ƒ /seo/ads-smart-schedule
├ ƒ /seo/aeo
├ ƒ /seo/agency-platform
├ ƒ /seo/agent
├ ƒ /seo/ahrefs-command-center
├ ƒ /seo/ai-content-grader
├ ƒ /seo/ai-content-helper
├ ƒ /seo/ai-creative-keyword-lab
├ ƒ /seo/ai-localization
├ ƒ /seo/aio
├ ƒ /seo/analytics
├ ƒ /seo/attribution-conversion-intelligence
├ ƒ /seo/backlink-intelligence
├ ƒ /seo/bot-analytics
├ ƒ /seo/botify-assist
├ ƒ /seo/botify-automation
├ ƒ /seo/botify-integrations
├ ƒ /seo/botify-readiness
├ ƒ /seo/brand-radar
├ ƒ /seo/brand-voice
├ ƒ /seo/brightedge-assist
├ ƒ /seo/brightedge-automation
├ ƒ /seo/brightedge-integrations
├ ƒ /seo/brightedge-readiness
├ ƒ /seo/budget-pacing-bid-engine
├ ƒ /seo/client-portal
├ ƒ /seo/competitor
├ ƒ /seo/content-auditor
├ ƒ /seo/content-brief
├ ƒ /seo/content-creation-blogging
├ ƒ /seo/content-explorer
├ ƒ /seo/contentshake
├ ƒ /seo/crawl-budget
├ ƒ /seo/cross-network-campaign-orchestrator
├ ƒ /seo/custom-prompts
├ ƒ /seo/cxao
├ ƒ /seo/daeo
├ ƒ /seo/dashboard
├ ƒ /seo/domain-overview
├ ƒ /seo/ecommerce
├ ƒ /seo/eeat
├ ƒ /seo/entity
├ ƒ /seo/eyeon
├ ƒ /seo/gbp-monitor
├ ƒ /seo/geo
├ ƒ /seo/geoptie-assist
├ ƒ /seo/geoptie-automation
├ ƒ /seo/geoptie-integrations
├ ƒ /seo/geoptie-readiness
├ ƒ /seo/growth-playbooks
├ ƒ /seo/gsc-insights
├ ƒ /seo/gxo
├ ƒ /seo/history
├ ƒ /seo/hootsuite-automation
├ ƒ /seo/hootsuite-integrations
├ ƒ /seo/hootsuite-readiness
├ ƒ /seo/integrations-automation
├ ƒ /seo/internal-linking
├ ƒ /seo/international-multilingual
├ ƒ /seo/keywords
├ ƒ /seo/keywords-explorer
├ ƒ /seo/knowledge-graph
├ ƒ /seo/landing
├ ƒ /seo/linkbuilding
├ ƒ /seo/llmo
├ ƒ /seo/local
├ ƒ /seo/local-heatmap
├ ƒ /seo/local-seo
├ ƒ /seo/log-file
├ ƒ /seo/map-rank-tracker
├ ƒ /seo/market-explorer
├ ƒ /seo/media
├ ƒ /seo/modules/[slug]
├ ƒ /seo/msvo
├ ƒ /seo/multi-channel-activation
├ ƒ /seo/neo4j-automation
├ ƒ /seo/neo4j-integrations
├ ƒ /seo/neo4j-readiness
├ ƒ /seo/news-discover
├ ƒ /seo/nsvo
├ ƒ /seo/on-page
├ ƒ /seo/one2target
├ ƒ /seo/patches
├ ƒ /seo/peao
├ ƒ /seo/performance
├ ƒ /seo/pla-research
├ ƒ /seo/planner
├ ƒ /seo/platform-intelligence
├ ƒ /seo/portfolios
├ ƒ /seo/programmatic
├ ƒ /seo/promptwatch-assist
├ ƒ /seo/promptwatch-automation
├ ƒ /seo/promptwatch-integrations
├ ƒ /seo/promptwatch-readiness
├ ƒ /seo/rag-search
├ ƒ /seo/rank-tracker
├ ƒ /seo/rank-tracking
├ ƒ /seo/realtime-monitoring
├ ƒ /seo/report-builder
├ ƒ /seo/retail-media-app-growth-hub
├ ƒ /seo/revenue-attribution
├ ƒ /seo/reviews
├ ƒ /seo/sageo
├ ƒ /seo/schemas
├ ƒ /seo/security
├ ƒ /seo/semrush-command-center
├ ƒ /seo/seo-ab-testing
├ ƒ /seo/seo-ai
├ ƒ /seo/seo-ai-assist
├ ƒ /seo/seo-ai-automation
├ ƒ /seo/seo-ai-integrations
├ ƒ /seo/seo-ai-readiness
├ ƒ /seo/site-audit
├ ƒ /seo/site-explorer
├ ƒ /seo/site-migration
├ ƒ /seo/social
├ ƒ /seo/social-media-manager
├ ƒ /seo/sproutsocial-automation
├ ƒ /seo/surfer-automation
├ ƒ /seo/surfer-command-center
├ ƒ /seo/surfer-readiness
├ ƒ /seo/surfer-setup-playbook
├ ƒ /seo/surfer-wiring-plan
├ ƒ /seo/sxo
├ ƒ /seo/technical
├ ƒ /seo/topical-map
├ ƒ /seo/trust-risk-governance
├ ƒ /seo/unified-ads-control-tower
├ ƒ /seo/ux
├ ƒ /seo/video
├ ƒ /seo/vso
├ ƒ /seo/web-analytics
├ ƒ /seo/writer
├ ƒ /seo/writesonic-assist
├ ƒ /seo/writesonic-automation
├ ƒ /seo/writesonic-integrations
├ ƒ /seo/writesonic-readiness
├ ƒ /seo/yext-assist
├ ƒ /seo/yext-automation
├ ƒ /seo/yext-integrations
├ ƒ /seo/yext-readiness
├ ƒ /siem
├ ○ /sitemap.xml
├ ƒ /smart-inbox
├ ƒ /social-listening
├ ƒ /social-media-roi
├ ƒ /social-scheduling
├ ○ /solutions
├ ƒ /studio
├ ƒ /studio/ads-engine
├ ƒ /studio/agent-analytics
├ ƒ /studio/analytics
├ ƒ /studio/answer-engine
├ ƒ /studio/ar-experience-studio
├ ƒ /studio/avatar-builder
├ ƒ /studio/backlink-intelligence
├ ƒ /studio/blog-studio
├ ƒ /studio/brand-kit
├ ƒ /studio/brands
├ ƒ /studio/cdn-analytics
├ ƒ /studio/editing-suite
├ ƒ /studio/editor
├ ƒ /studio/faceless-video-engine
├ ƒ /studio/growth-suite
├ ƒ /studio/hologram-stage
├ ƒ /studio/image-direction
├ ƒ /studio/image-slider
├ ƒ /studio/image-studio
├ ƒ /studio/intelligence
├ ƒ /studio/keyword-research
├ ƒ /studio/lately
├ ƒ /studio/lately/ab-testing
├ ƒ /studio/lately/brand-hierarchy
├ ƒ /studio/lately/brand-voice
├ ƒ /studio/lately/repurpose
├ ƒ /studio/lately/roi-forecast
├ ƒ /studio/lately/word-cloud
├ ƒ /studio/multilingual-ads
├ ƒ /studio/music-generator
├ ƒ /studio/prompt-volumes
├ ƒ /studio/rank-tracker
├ ƒ /studio/reels-factory
├ ƒ /studio/scheduler
├ ƒ /studio/seo-suite
├ ƒ /studio/short-video-factory
├ ƒ /studio/social-accounts
├ ƒ /studio/social-ads
├ ƒ /studio/social-advocacy
├ ƒ /studio/social-analytics
├ ƒ /studio/social-approvals
├ ƒ /studio/social-automation
├ ƒ /studio/social-best-time
├ ƒ /studio/social-bulk-schedule
├ ƒ /studio/social-calendar
├ ƒ /studio/social-inbox
├ ƒ /studio/social-influencers
├ ƒ /studio/social-link-in-bio
├ ƒ /studio/social-listening
├ ƒ /studio/social-posts
├ ƒ /studio/social-reports
├ ƒ /studio/social-reviews
├ ƒ /studio/social-streams
├ ƒ /studio/social-studio
├ ƒ /studio/social-studio/accounts
├ ƒ /studio/social-studio/ads
├ ƒ /studio/social-studio/advocacy
├ ƒ /studio/social-studio/analytics
├ ƒ /studio/social-studio/approvals
├ ƒ /studio/social-studio/automation
├ ƒ /studio/social-studio/best-time
├ ƒ /studio/social-studio/browser-capture
├ ƒ /studio/social-studio/bulk-schedule
├ ƒ /studio/social-studio/calendar
├ ƒ /studio/social-studio/inbox
├ ƒ /studio/social-studio/influencers
├ ƒ /studio/social-studio/link-in-bio
├ ƒ /studio/social-studio/listening
├ ƒ /studio/social-studio/manychat
├ ƒ /studio/social-studio/mobile
├ ƒ /studio/social-studio/optimization
├ ƒ /studio/social-studio/posts
├ ƒ /studio/social-studio/reports
├ ƒ /studio/social-studio/reviews
├ ƒ /studio/social-studio/streams
├ ƒ /studio/social-studio/trends
├ ƒ /studio/social-studio/ugc
├ ƒ /studio/social-trends
├ ƒ /studio/social-ugc
├ ƒ /studio/sound-design
├ ƒ /studio/team
├ ƒ /studio/template-system
├ ƒ /studio/vr-world-builder
├ ƒ /studio/workflow-orchestrator
├ ƒ /studio/workspace
├ ƒ /studio/workspace/oauth/[network]/callback
├ ○ /subscribe
├ ○ /terms
├ ○ /tools
├ ○ /tools/translation-studio
├ ƒ /trust-center
├ ○ /use-cases
├ ƒ /vendor-inventory-report
├ ƒ /vse
├ ƒ /white-label
└ ƒ /workflows


ƒ Proxy (Middleware)

○  (Static)   prerendered as static content
ƒ  (Dynamic)  server-rendered on demand

